\BOOKMARK [1][-]{section.1}{\376\377\000I\000n\000t\000r\000o\000d\000u\000c\000t\000i\000o\000n}{}% 1
\BOOKMARK [1][-]{section.2}{\376\377\000E\000v\000a\000l\000u\000a\000t\000i\000o\000n\000\040\000M\000o\000d\000e\000l\000\040\000a\000n\000d\000\040\000C\000o\000n\000t\000e\000s\000t\000\040\000R\000u\000l\000e\000s}{}% 2
\BOOKMARK [1][-]{section.3}{\376\377\000S\000y\000s\000t\000e\000m\000\040\000A\000r\000c\000h\000i\000t\000e\000c\000t\000u\000r\000e}{}% 3
\BOOKMARK [1][-]{section.4}{\376\377\000C\000o\000r\000e\000\040\000A\000l\000g\000o\000r\000i\000t\000h\000m\000s}{}% 4
\BOOKMARK [1][-]{section.5}{\376\377\000K\000n\000o\000w\000l\000e\000d\000g\000e\000\040\000B\000a\000s\000e\000\040\000\050\000R\000A\000G\000\051}{}% 5
\BOOKMARK [1][-]{section.6}{\376\377\000E\000x\000p\000e\000r\000i\000m\000e\000n\000t\000s}{}% 6
\BOOKMARK [2][-]{subsection.6.1}{\376\377\000S\000e\000t\000u\000p}{section.6}% 7
\BOOKMARK [2][-]{subsection.6.2}{\376\377\000M\000a\000i\000n\000\040\000R\000e\000s\000u\000l\000t\000s\000\040\000\050\000D\000e\000e\000p\000S\000e\000e\000k\000\040\000V\0004\000\040\000P\000r\000o\000\051}{section.6}% 8
\BOOKMARK [2][-]{subsection.6.3}{\376\377\000M\000u\000l\000t\000i\000-\000M\000o\000d\000e\000l\000\040\000C\000o\000m\000p\000a\000r\000i\000s\000o\000n\000\040\000\050\000C\000o\000n\000t\000e\000s\000t\000\040\000R\000u\000l\000e\000\040\0006\000\051}{section.6}% 9
\BOOKMARK [2][-]{subsection.6.4}{\376\377\000T\000o\000k\000e\000n\000\040\000E\000f\000f\000i\000c\000i\000e\000n\000c\000y\000\040\000a\000n\000d\000\040\000R\000u\000n\000\040\000V\000a\000r\000i\000a\000n\000c\000e}{section.6}% 10
\BOOKMARK [1][-]{section.7}{\376\377\000R\000e\000l\000a\000t\000e\000d\000\040\000W\000o\000r\000k}{}% 11
\BOOKMARK [1][-]{section.8}{\376\377\000C\000o\000n\000c\000l\000u\000s\000i\000o\000n}{}% 12
\BOOKMARK [1][-]{section*.4}{\376\377\000R\000e\000f\000e\000r\000e\000n\000c\000e\000s}{}% 13
\BOOKMARK [1][-]{section*.5}{\376\377\000A\000p\000p\000e\000n\000d\000i\000x}{}% 14
\BOOKMARK [2][-]{subsection.Appendix.A.1}{\376\377\000R\000o\000u\000t\000e\000r}{section*.5}% 15
\BOOKMARK [2][-]{subsection.Appendix.A.2}{\376\377\000C\000h\000e\000c\000k\000p\000o\000i\000n\000t\000\040\000L\000o\000g\000i\000c}{section*.5}% 16
\BOOKMARK [2][-]{subsection.Appendix.A.3}{\376\377\000S\000t\000a\000g\000e\000\040\0001\000:\000\040\000C\000o\000r\000r\000e\000c\000t\000n\000e\000s\000s\000\040\000R\000e\000p\000a\000i\000r\000\040\000L\000o\000o\000p}{section*.5}% 17
\BOOKMARK [2][-]{subsection.Appendix.A.4}{\376\377\000S\000t\000a\000g\000e\000\040\0002\000:\000\040\000S\000y\000n\000t\000h\000e\000s\000i\000s\000\040\000V\000e\000r\000i\000f\000i\000c\000a\000t\000i\000o\000n}{section*.5}% 18
\BOOKMARK [2][-]{subsection.Appendix.A.5}{\376\377\000S\000t\000a\000g\000e\000\040\0003\000:\000\040\000P\000P\000A\000\040\000O\000p\000t\000i\000m\000i\000z\000a\000t\000i\000o\000n\000\040\040\024\000\040\000A\000M\000D\000\040\000F\000o\000u\000r\000-\000P\000h\000a\000s\000e\000\040\000W\000o\000r\000k\000f\000l\000o\000w}{section*.5}% 19
\BOOKMARK [2][-]{subsection.Appendix.A.6}{\376\377\000S\000t\000o\000p\000p\000i\000n\000g\000\040\000P\000o\000l\000i\000c\000y}{section*.5}% 20
\BOOKMARK [2][-]{subsection.Appendix.A.7}{\376\377\000P\000o\000s\000t\000-\000O\000p\000t\000i\000m\000i\000z\000a\000t\000i\000o\000n\000\040\000C\000o\000-\000S\000i\000m\000u\000l\000a\000t\000i\000o\000n\000\040\000R\000e\000-\000c\000h\000e\000c\000k}{section*.5}% 21
\BOOKMARK [2][-]{subsection.Appendix.A.8}{\376\377\000F\000u\000l\000l\000\040\000S\000e\000t\000u\000p}{section*.5}% 22
\BOOKMARK [2][-]{subsection.Appendix.A.9}{\376\377\000F\000u\000l\000l\000-\000P\000P\000A\000\040\000R\000e\000p\000o\000r\000t\000\040\000\050\000D\000e\000e\000p\000S\000e\000e\000k\000\040\000V\0004\000\040\000P\000r\000o\000\051}{section*.5}% 23
\BOOKMARK [2][-]{subsection.Appendix.A.10}{\376\377\000C\000r\000o\000s\000s\000-\000M\000o\000d\000e\000l\000\040\000A\000n\000a\000l\000y\000s\000i\000s}{section*.5}% 24
\BOOKMARK [2][-]{subsection.Appendix.A.11}{\376\377\000R\000u\000n\000-\000t\000o\000-\000R\000u\000n\000\040\000V\000a\000r\000i\000a\000n\000c\000e\000\040\000a\000n\000d\000\040\000F\000a\000i\000l\000u\000r\000e\000\040\000M\000o\000d\000e\000s}{section*.5}% 25
\BOOKMARK [2][-]{subsection.Appendix.A.12}{\376\377\000d\000o\000t\000P\000r\000o\000d\000u\000c\000t\000\040\000\050\000O\000p\000t\000i\000m\000i\000z\000e\000,\000\040\000P\000e\000r\000f\000e\000c\000t\000\040\000S\000c\000o\000r\000e\000\051}{section*.5}% 26
\BOOKMARK [2][-]{subsection.Appendix.A.13}{\376\377\000r\000e\000s\000i\000d\000u\000a\000l\000\040\000\050\000S\000t\000r\000u\000c\000t\000u\000r\000a\000l\000,\000\040\000C\000o\000s\000i\000m\000\040\000D\000e\000a\000d\000l\000o\000c\000k\000\040\000R\000e\000p\000a\000i\000r\000\051}{section*.5}% 27
\BOOKMARK [2][-]{subsection.Appendix.A.14}{\376\377\000p\000r\000o\000j\000e\000c\000t\000i\000o\000n\000\040\000\050\000R\000e\000p\000a\000i\000r\000,\000\040\000M\000i\000n\000i\000m\000a\000l\000\040\000F\000l\000o\000w\000\051}{section*.5}% 28
\BOOKMARK [2][-]{subsection.Appendix.A.15}{\376\377\000D\000e\000s\000i\000g\000n\000\040\000D\000e\000c\000i\000s\000i\000o\000n\000s\000\040\000a\000n\000d\000\040\000R\000a\000t\000i\000o\000n\000a\000l\000e}{section*.5}% 29
\BOOKMARK [2][-]{subsection.Appendix.A.16}{\376\377\000W\000h\000y\000\040\000L\000a\000t\000e\000n\000c\000y\000-\000F\000i\000r\000s\000t\000\040\000P\000P\000A\000\040\000I\000s\000\040\000S\000c\000o\000r\000e\000-\000O\000p\000t\000i\000m\000a\000l\000\040\000\050\000a\000n\000d\000\040\000I\000t\000s\000\040\000L\000i\000m\000i\000t\000s\000\051}{section*.5}% 30
\BOOKMARK [2][-]{subsection.Appendix.A.17}{\376\377\000A\000\040\000H\000a\000r\000n\000e\000s\000s\000\040\000E\000d\000g\000e\000\040\000C\000a\000s\000e\000:\000\040\000Z\000e\000r\000o\000\040\000L\000a\000t\000e\000n\000c\000y}{section*.5}% 31
\BOOKMARK [2][-]{subsection.Appendix.A.18}{\376\377\000L\000i\000m\000i\000t\000a\000t\000i\000o\000n\000s}{section*.5}% 32
\BOOKMARK [2][-]{subsection.Appendix.A.19}{\376\377\000F\000u\000t\000u\000r\000e\000\040\000W\000o\000r\000k}{section*.5}% 33
